mode: set
github.com/sergi/go-diff/diffmatchpatch/diff.go:46.75,47.29 1 1
github.com/sergi/go-diff/diffmatchpatch/diff.go:47.29,51.3 2 1
github.com/sergi/go-diff/diffmatchpatch/diff.go:52.2,52.28 1 1
github.com/sergi/go-diff/diffmatchpatch/diff.go:52.28,62.23 5 1
github.com/sergi/go-diff/diffmatchpatch/diff.go:62.23,64.4 1 1
github.com/sergi/go-diff/diffmatchpatch/diff.go:65.3,65.21 1 1
github.com/sergi/go-diff/diffmatchpatch/diff.go:71.2,72.24 2 1
github.com/sergi/go-diff/diffmatchpatch/diff.go:72.24,74.3 1 1
github.com/sergi/go-diff/diffmatchpatch/diff.go:76.2,79.14 3 1
github.com/sergi/go-diff/diffmatchpatch/diff.go:84.82,86.2 1 1
github.com/sergi/go-diff/diffmatchpatch/diff.go:90.87,92.25 2 1
github.com/sergi/go-diff/diffmatchpatch/diff.go:92.25,94.3 1 1
github.com/sergi/go-diff/diffmatchpatch/diff.go:95.2,95.62 1 1
github.com/sergi/go-diff/diffmatchpatch/diff.go:98.107,99.30 1 1
github.com/sergi/go-diff/diffmatchpatch/diff.go:99.30,101.21 2 1
github.com/sergi/go-diff/diffmatchpatch/diff.go:101.21,103.4 1 1
github.com/sergi/go-diff/diffmatchpatch/diff.go:104.3,104.15 1 1
github.com/sergi/go-diff/diffmatchpatch/diff.go:107.2,122.28 10 1
github.com/sergi/go-diff/diffmatchpatch/diff.go:122.28,124.3 1 1
github.com/sergi/go-diff/diffmatchpatch/diff.go:125.2,125.28 1 1
github.com/sergi/go-diff/diffmatchpatch/diff.go:125.28,127.3 1 1
github.com/sergi/go-diff/diffmatchpatch/diff.go:129.2,129.36 1 1
github.com/sergi/go-diff/diffmatchpatch/diff.go:133.105,135.21 2 1
github.com/sergi/go-diff/diffmatchpatch/diff.go:135.21,138.3 1 1
github.com/sergi/go-diff/diffmatchpatch/diff.go:138.8,138.28 1 1
github.com/sergi/go-diff/diffmatchpatch/diff.go:138.28,141.3 1 1
github.com/sergi/go-diff/diffmatchpatch/diff.go:143.2,144.29 2 1
github.com/sergi/go-diff/diffmatchpatch/diff.go:144.29,147.3 2 1
github.com/sergi/go-diff/diffmatchpatch/diff.go:147.8,150.3 2 1
github.com/sergi/go-diff/diffmatchpatch/diff.go:152.2,152.51 1 1
github.com/sergi/go-diff/diffmatchpatch/diff.go:152.51,155.30 2 1
github.com/sergi/go-diff/diffmatchpatch/diff.go:155.30,157.4 1 1
github.com/sergi/go-diff/diffmatchpatch/diff.go:159.3,163.4 1 1
github.com/sergi/go-diff/diffmatchpatch/diff.go:164.8,164.32 1 1
github.com/sergi/go-diff/diffmatchpatch/diff.go:164.32,172.3 1 1
github.com/sergi/go-diff/diffmatchpatch/diff.go:172.8,172.61 1 1
github.com/sergi/go-diff/diffmatchpatch/diff.go:172.61,187.3 11 1
github.com/sergi/go-diff/diffmatchpatch/diff.go:187.8,187.63 1 1
github.com/sergi/go-diff/diffmatchpatch/diff.go:187.63,189.3 1 1
github.com/sergi/go-diff/diffmatchpatch/diff.go:190.2,190.47 1 1
github.com/sergi/go-diff/diffmatchpatch/diff.go:194.89,217.27 11 1
github.com/sergi/go-diff/diffmatchpatch/diff.go:217.27,218.30 1 1
github.com/sergi/go-diff/diffmatchpatch/diff.go:219.19,221.37 2 1
github.com/sergi/go-diff/diffmatchpatch/diff.go:222.19,224.37 2 1
github.com/sergi/go-diff/diffmatchpatch/diff.go:225.18,227.44 1 1
github.com/sergi/go-diff/diffmatchpatch/diff.go:227.44,234.38 4 1
github.com/sergi/go-diff/diffmatchpatch/diff.go:234.38,236.6 1 1
github.com/sergi/go-diff/diffmatchpatch/diff.go:237.5,237.31 1 1
github.com/sergi/go-diff/diffmatchpatch/diff.go:240.4,243.19 4 1
github.com/sergi/go-diff/diffmatchpatch/diff.go:245.3,245.12 1 1
github.com/sergi/go-diff/diffmatchpatch/diff.go:248.2,248.29 1 1
github.com/sergi/go-diff/diffmatchpatch/diff.go:254.87,257.2 1 1
github.com/sergi/go-diff/diffmatchpatch/diff.go:261.89,271.20 7 1
github.com/sergi/go-diff/diffmatchpatch/diff.go:271.20,274.3 2 1
github.com/sergi/go-diff/diffmatchpatch/diff.go:275.2,286.28 9 1
github.com/sergi/go-diff/diffmatchpatch/diff.go:286.28,288.68 1 1
github.com/sergi/go-diff/diffmatchpatch/diff.go:288.68,289.9 1 1
github.com/sergi/go-diff/diffmatchpatch/diff.go:293.3,293.50 1 1
github.com/sergi/go-diff/diffmatchpatch/diff.go:293.50,297.64 3 1
github.com/sergi/go-diff/diffmatchpatch/diff.go:297.64,299.5 1 1
github.com/sergi/go-diff/diffmatchpatch/diff.go:299.10,301.5 1 1
github.com/sergi/go-diff/diffmatchpatch/diff.go:303.4,304.41 2 1
github.com/sergi/go-diff/diffmatchpatch/diff.go:304.41,305.33 1 1
github.com/sergi/go-diff/diffmatchpatch/diff.go:305.33,306.11 1 1
github.com/sergi/go-diff/diffmatchpatch/diff.go:308.5,309.9 2 1
github.com/sergi/go-diff/diffmatchpatch/diff.go:311.4,312.22 2 1
github.com/sergi/go-diff/diffmatchpatch/diff.go:312.22,315.5 1 1
github.com/sergi/go-diff/diffmatchpatch/diff.go:315.10,315.29 1 1
github.com/sergi/go-diff/diffmatchpatch/diff.go:315.29,318.5 1 1
github.com/sergi/go-diff/diffmatchpatch/diff.go:318.10,318.20 1 1
github.com/sergi/go-diff/diffmatchpatch/diff.go:318.20,320.66 2 1
github.com/sergi/go-diff/diffmatchpatch/diff.go:320.66,323.18 2 1
github.com/sergi/go-diff/diffmatchpatch/diff.go:323.18,326.7 1 1
github.com/sergi/go-diff/diffmatchpatch/diff.go:331.3,331.50 1 1
github.com/sergi/go-diff/diffmatchpatch/diff.go:331.50,334.64 3 1
github.com/sergi/go-diff/diffmatchpatch/diff.go:334.64,336.5 1 1
github.com/sergi/go-diff/diffmatchpatch/diff.go:336.10,338.5 1 1
github.com/sergi/go-diff/diffmatchpatch/diff.go:339.4,340.41 2 1
github.com/sergi/go-diff/diffmatchpatch/diff.go:340.41,341.57 1 1
github.com/sergi/go-diff/diffmatchpatch/diff.go:341.57,342.11 1 1
github.com/sergi/go-diff/diffmatchpatch/diff.go:344.5,345.9 2 1
github.com/sergi/go-diff/diffmatchpatch/diff.go:347.4,348.22 2 1
github.com/sergi/go-diff/diffmatchpatch/diff.go:348.22,351.5 1 1
github.com/sergi/go-diff/diffmatchpatch/diff.go:351.10,351.29 1 1
github.com/sergi/go-diff/diffmatchpatch/diff.go:351.29,354.5 1 1
github.com/sergi/go-diff/diffmatchpatch/diff.go:354.10,354.21 1 1
github.com/sergi/go-diff/diffmatchpatch/diff.go:354.21,356.66 2 1
github.com/sergi/go-diff/diffmatchpatch/diff.go:356.66,361.18 4 1
github.com/sergi/go-diff/diffmatchpatch/diff.go:361.18,364.7 1 1
github.com/sergi/go-diff/diffmatchpatch/diff.go:370.2,373.3 1 1
github.com/sergi/go-diff/diffmatchpatch/diff.go:377.29,388.2 7 1
github.com/sergi/go-diff/diffmatchpatch/diff.go:392.93,395.2 2 1
github.com/sergi/go-diff/diffmatchpatch/diff.go:398.93,401.2 2 1
github.com/sergi/go-diff/diffmatchpatch/diff.go:404.86,406.30 2 1
github.com/sergi/go-diff/diffmatchpatch/diff.go:406.30,410.27 3 1
github.com/sergi/go-diff/diffmatchpatch/diff.go:410.27,412.4 1 1
github.com/sergi/go-diff/diffmatchpatch/diff.go:414.3,415.37 2 1
github.com/sergi/go-diff/diffmatchpatch/diff.go:417.2,417.17 1 1
github.com/sergi/go-diff/diffmatchpatch/diff.go:421.70,424.2 1 1
github.com/sergi/go-diff/diffmatchpatch/diff.go:427.70,430.2 1 1
github.com/sergi/go-diff/diffmatchpatch/diff.go:433.50,436.46 2 1
github.com/sergi/go-diff/diffmatchpatch/diff.go:436.46,437.27 1 1
github.com/sergi/go-diff/diffmatchpatch/diff.go:437.27,439.4 1 1
github.com/sergi/go-diff/diffmatchpatch/diff.go:441.2,441.10 1 1
github.com/sergi/go-diff/diffmatchpatch/diff.go:445.50,450.20 3 1
github.com/sergi/go-diff/diffmatchpatch/diff.go:450.20,453.49 3 1
github.com/sergi/go-diff/diffmatchpatch/diff.go:453.49,455.4 1 1
github.com/sergi/go-diff/diffmatchpatch/diff.go:460.78,465.42 3 1
github.com/sergi/go-diff/diffmatchpatch/diff.go:465.42,467.3 1 1
github.com/sergi/go-diff/diffmatchpatch/diff.go:469.2,469.31 1 1
github.com/sergi/go-diff/diffmatchpatch/diff.go:469.31,471.3 1 1
github.com/sergi/go-diff/diffmatchpatch/diff.go:471.8,471.38 1 1
github.com/sergi/go-diff/diffmatchpatch/diff.go:471.38,473.3 1 1
github.com/sergi/go-diff/diffmatchpatch/diff.go:474.2,476.20 2 1
github.com/sergi/go-diff/diffmatchpatch/diff.go:476.20,478.3 1 1
github.com/sergi/go-diff/diffmatchpatch/diff.go:481.2,483.6 3 1
github.com/sergi/go-diff/diffmatchpatch/diff.go:483.6,486.18 3 1
github.com/sergi/go-diff/diffmatchpatch/diff.go:486.18,487.9 1 1
github.com/sergi/go-diff/diffmatchpatch/diff.go:489.3,490.65 2 1
github.com/sergi/go-diff/diffmatchpatch/diff.go:490.65,493.4 2 1
github.com/sergi/go-diff/diffmatchpatch/diff.go:496.2,496.13 1 1
github.com/sergi/go-diff/diffmatchpatch/diff.go:500.72,503.23 2 1
github.com/sergi/go-diff/diffmatchpatch/diff.go:503.23,505.3 1 1
github.com/sergi/go-diff/diffmatchpatch/diff.go:507.2,508.31 2 1
github.com/sergi/go-diff/diffmatchpatch/diff.go:508.31,510.3 1 1
github.com/sergi/go-diff/diffmatchpatch/diff.go:511.2,511.15 1 1
github.com/sergi/go-diff/diffmatchpatch/diff.go:514.72,515.26 1 1
github.com/sergi/go-diff/diffmatchpatch/diff.go:515.26,518.3 1 1
github.com/sergi/go-diff/diffmatchpatch/diff.go:520.2,521.29 2 1
github.com/sergi/go-diff/diffmatchpatch/diff.go:521.29,524.3 2 1
github.com/sergi/go-diff/diffmatchpatch/diff.go:524.8,527.3 2 1
github.com/sergi/go-diff/diffmatchpatch/diff.go:529.2,529.59 1 1
github.com/sergi/go-diff/diffmatchpatch/diff.go:529.59,531.3 1 1
github.com/sergi/go-diff/diffmatchpatch/diff.go:534.2,540.30 4 1
github.com/sergi/go-diff/diffmatchpatch/diff.go:540.30,542.3 1 1
github.com/sergi/go-diff/diffmatchpatch/diff.go:542.8,542.23 1 1
github.com/sergi/go-diff/diffmatchpatch/diff.go:542.23,544.3 1 1
github.com/sergi/go-diff/diffmatchpatch/diff.go:544.8,544.23 1 1
github.com/sergi/go-diff/diffmatchpatch/diff.go:544.23,546.3 1 1
github.com/sergi/go-diff/diffmatchpatch/diff.go:546.8,548.32 1 1
github.com/sergi/go-diff/diffmatchpatch/diff.go:548.32,550.4 1 1
github.com/sergi/go-diff/diffmatchpatch/diff.go:550.9,552.4 1 1
github.com/sergi/go-diff/diffmatchpatch/diff.go:556.2,556.29 1 1
github.com/sergi/go-diff/diffmatchpatch/diff.go:556.29,558.3 1 1
github.com/sergi/go-diff/diffmatchpatch/diff.go:560.2,560.52 1 1
github.com/sergi/go-diff/diffmatchpatch/diff.go:565.72,577.77 9 1
github.com/sergi/go-diff/diffmatchpatch/diff.go:577.77,581.48 3 1
github.com/sergi/go-diff/diffmatchpatch/diff.go:581.48,589.4 7 1
github.com/sergi/go-diff/diffmatchpatch/diff.go:592.2,592.30 1 1
github.com/sergi/go-diff/diffmatchpatch/diff.go:592.30,594.3 1 1
github.com/sergi/go-diff/diffmatchpatch/diff.go:596.2,602.3 1 1
github.com/sergi/go-diff/diffmatchpatch/diff.go:606.69,619.27 7 1
github.com/sergi/go-diff/diffmatchpatch/diff.go:619.27,620.39 1 1
github.com/sergi/go-diff/diffmatchpatch/diff.go:620.39,628.4 6 1
github.com/sergi/go-diff/diffmatchpatch/diff.go:628.9,631.41 1 1
github.com/sergi/go-diff/diffmatchpatch/diff.go:631.41,633.5 1 1
github.com/sergi/go-diff/diffmatchpatch/diff.go:633.10,635.5 1 1
github.com/sergi/go-diff/diffmatchpatch/diff.go:637.4,641.59 3 1
github.com/sergi/go-diff/diffmatchpatch/diff.go:641.59,651.28 5 1
github.com/sergi/go-diff/diffmatchpatch/diff.go:651.28,653.6 1 1
github.com/sergi/go-diff/diffmatchpatch/diff.go:654.5,655.28 2 1
github.com/sergi/go-diff/diffmatchpatch/diff.go:655.28,657.6 1 1
github.com/sergi/go-diff/diffmatchpatch/diff.go:659.5,664.19 6 1
github.com/sergi/go-diff/diffmatchpatch/diff.go:667.3,667.12 1 1
github.com/sergi/go-diff/diffmatchpatch/diff.go:671.2,671.13 1 1
github.com/sergi/go-diff/diffmatchpatch/diff.go:671.13,673.3 1 1
github.com/sergi/go-diff/diffmatchpatch/diff.go:674.2,682.27 3 1
github.com/sergi/go-diff/diffmatchpatch/diff.go:682.27,684.38 1 1
github.com/sergi/go-diff/diffmatchpatch/diff.go:684.38,689.40 5 1
github.com/sergi/go-diff/diffmatchpatch/diff.go:689.40,691.78 1 1
github.com/sergi/go-diff/diffmatchpatch/diff.go:691.78,699.6 4 1
github.com/sergi/go-diff/diffmatchpatch/diff.go:700.10,702.78 1 1
github.com/sergi/go-diff/diffmatchpatch/diff.go:702.78,711.6 7 1
github.com/sergi/go-diff/diffmatchpatch/diff.go:713.4,713.13 1 1
github.com/sergi/go-diff/diffmatchpatch/diff.go:715.3,715.12 1 1
github.com/sergi/go-diff/diffmatchpatch/diff.go:718.2,718.14 1 1
github.com/sergi/go-diff/diffmatchpatch/diff.go:732.52,733.36 1 1
github.com/sergi/go-diff/diffmatchpatch/diff.go:733.36,736.3 1 1
github.com/sergi/go-diff/diffmatchpatch/diff.go:739.2,753.30 13 1
github.com/sergi/go-diff/diffmatchpatch/diff.go:753.30,756.3 1 1
github.com/sergi/go-diff/diffmatchpatch/diff.go:756.8,756.37 1 1
github.com/sergi/go-diff/diffmatchpatch/diff.go:756.37,759.3 1 1
github.com/sergi/go-diff/diffmatchpatch/diff.go:759.8,759.60 1 1
github.com/sergi/go-diff/diffmatchpatch/diff.go:759.60,762.3 1 1
github.com/sergi/go-diff/diffmatchpatch/diff.go:762.8,762.39 1 1
github.com/sergi/go-diff/diffmatchpatch/diff.go:762.39,765.3 1 1
github.com/sergi/go-diff/diffmatchpatch/diff.go:765.8,765.49 1 1
github.com/sergi/go-diff/diffmatchpatch/diff.go:765.49,768.3 1 1
github.com/sergi/go-diff/diffmatchpatch/diff.go:769.2,769.10 1 1
github.com/sergi/go-diff/diffmatchpatch/diff.go:774.77,778.29 2 1
github.com/sergi/go-diff/diffmatchpatch/diff.go:778.29,780.39 1 1
github.com/sergi/go-diff/diffmatchpatch/diff.go:780.39,789.24 5 1
github.com/sergi/go-diff/diffmatchpatch/diff.go:789.24,794.5 4 1
github.com/sergi/go-diff/diffmatchpatch/diff.go:797.4,803.46 5 1
github.com/sergi/go-diff/diffmatchpatch/diff.go:803.46,805.59 2 1
github.com/sergi/go-diff/diffmatchpatch/diff.go:805.59,806.11 1 1
github.com/sergi/go-diff/diffmatchpatch/diff.go:808.5,814.27 5 1
github.com/sergi/go-diff/diffmatchpatch/diff.go:814.27,819.6 4 1
github.com/sergi/go-diff/diffmatchpatch/diff.go:822.4,822.46 1 1
github.com/sergi/go-diff/diffmatchpatch/diff.go:822.46,824.32 1 1
github.com/sergi/go-diff/diffmatchpatch/diff.go:824.32,826.6 1 1
github.com/sergi/go-diff/diffmatchpatch/diff.go:826.11,829.6 2 1
github.com/sergi/go-diff/diffmatchpatch/diff.go:831.5,832.32 2 1
github.com/sergi/go-diff/diffmatchpatch/diff.go:832.32,834.6 1 1
github.com/sergi/go-diff/diffmatchpatch/diff.go:834.11,837.6 2 1
github.com/sergi/go-diff/diffmatchpatch/diff.go:840.3,840.12 1 1
github.com/sergi/go-diff/diffmatchpatch/diff.go:843.2,843.14 1 1
github.com/sergi/go-diff/diffmatchpatch/diff.go:847.71,866.27 10 1
github.com/sergi/go-diff/diffmatchpatch/diff.go:866.27,867.39 1 1
github.com/sergi/go-diff/diffmatchpatch/diff.go:867.39,869.26 1 1
github.com/sergi/go-diff/diffmatchpatch/diff.go:869.26,878.5 4 1
github.com/sergi/go-diff/diffmatchpatch/diff.go:878.10,882.5 2 1
github.com/sergi/go-diff/diffmatchpatch/diff.go:883.4,884.19 2 1
github.com/sergi/go-diff/diffmatchpatch/diff.go:885.9,886.41 1 1
github.com/sergi/go-diff/diffmatchpatch/diff.go:886.41,888.5 1 1
github.com/sergi/go-diff/diffmatchpatch/diff.go:888.10,890.5 1 1
github.com/sergi/go-diff/diffmatchpatch/diff.go:898.4,899.14 2 1
github.com/sergi/go-diff/diffmatchpatch/diff.go:899.14,901.5 1 1
github.com/sergi/go-diff/diffmatchpatch/diff.go:902.4,902.14 1 1
github.com/sergi/go-diff/diffmatchpatch/diff.go:902.14,904.5 1 1
github.com/sergi/go-diff/diffmatchpatch/diff.go:905.4,905.15 1 1
github.com/sergi/go-diff/diffmatchpatch/diff.go:905.15,907.5 1 1
github.com/sergi/go-diff/diffmatchpatch/diff.go:908.4,908.15 1 1
github.com/sergi/go-diff/diffmatchpatch/diff.go:908.15,910.5 1 1
github.com/sergi/go-diff/diffmatchpatch/diff.go:911.4,913.66 1 1
github.com/sergi/go-diff/diffmatchpatch/diff.go:913.66,926.25 6 1
github.com/sergi/go-diff/diffmatchpatch/diff.go:926.25,931.6 3 1
github.com/sergi/go-diff/diffmatchpatch/diff.go:931.11,932.27 1 1
github.com/sergi/go-diff/diffmatchpatch/diff.go:932.27,934.7 1 1
github.com/sergi/go-diff/diffmatchpatch/diff.go:935.6,935.27 1 1
github.com/sergi/go-diff/diffmatchpatch/diff.go:935.27,937.7 1 0
github.com/sergi/go-diff/diffmatchpatch/diff.go:937.12,939.7 1 1
github.com/sergi/go-diff/diffmatchpatch/diff.go:940.6,941.21 2 1
github.com/sergi/go-diff/diffmatchpatch/diff.go:943.5,943.19 1 1
github.com/sergi/go-diff/diffmatchpatch/diff.go:946.3,946.12 1 1
github.com/sergi/go-diff/diffmatchpatch/diff.go:949.2,949.13 1 1
github.com/sergi/go-diff/diffmatchpatch/diff.go:949.13,951.3 1 1
github.com/sergi/go-diff/diffmatchpatch/diff.go:953.2,953.14 1 1
github.com/sergi/go-diff/diffmatchpatch/diff.go:958.66,968.27 8 1
github.com/sergi/go-diff/diffmatchpatch/diff.go:968.27,969.30 1 1
github.com/sergi/go-diff/diffmatchpatch/diff.go:970.19,974.9 4 1
github.com/sergi/go-diff/diffmatchpatch/diff.go:975.19,979.9 4 1
github.com/sergi/go-diff/diffmatchpatch/diff.go:980.18,982.35 1 1
github.com/sergi/go-diff/diffmatchpatch/diff.go:982.35,983.45 1 1
github.com/sergi/go-diff/diffmatchpatch/diff.go:983.45,986.27 2 1
github.com/sergi/go-diff/diffmatchpatch/diff.go:986.27,988.48 2 1
github.com/sergi/go-diff/diffmatchpatch/diff.go:988.48,990.8 1 1
github.com/sergi/go-diff/diffmatchpatch/diff.go:990.13,993.8 2 1
github.com/sergi/go-diff/diffmatchpatch/diff.go:994.7,995.45 2 1
github.com/sergi/go-diff/diffmatchpatch/diff.go:998.6,999.27 2 1
github.com/sergi/go-diff/diffmatchpatch/diff.go:999.27,1005.7 5 1
github.com/sergi/go-diff/diffmatchpatch/diff.go:1008.5,1008.25 1 1
github.com/sergi/go-diff/diffmatchpatch/diff.go:1008.25,1012.6 1 1
github.com/sergi/go-diff/diffmatchpatch/diff.go:1012.11,1012.32 1 1
github.com/sergi/go-diff/diffmatchpatch/diff.go:1012.32,1016.6 1 1
github.com/sergi/go-diff/diffmatchpatch/diff.go:1016.11,1021.6 1 1
github.com/sergi/go-diff/diffmatchpatch/diff.go:1023.5,1024.25 2 1
github.com/sergi/go-diff/diffmatchpatch/diff.go:1024.25,1026.6 1 1
github.com/sergi/go-diff/diffmatchpatch/diff.go:1027.5,1027.25 1 1
github.com/sergi/go-diff/diffmatchpatch/diff.go:1027.25,1029.6 1 1
github.com/sergi/go-diff/diffmatchpatch/diff.go:1030.10,1030.65 1 1
github.com/sergi/go-diff/diffmatchpatch/diff.go:1030.65,1034.5 2 1
github.com/sergi/go-diff/diffmatchpatch/diff.go:1034.10,1036.5 1 1
github.com/sergi/go-diff/diffmatchpatch/diff.go:1037.4,1041.9 5 1
github.com/sergi/go-diff/diffmatchpatch/diff.go:1045.2,1045.40 1 1
github.com/sergi/go-diff/diffmatchpatch/diff.go:1045.40,1047.3 1 1
github.com/sergi/go-diff/diffmatchpatch/diff.go:1050.2,1053.33 3 1
github.com/sergi/go-diff/diffmatchpatch/diff.go:1053.33,1055.39 1 1
github.com/sergi/go-diff/diffmatchpatch/diff.go:1055.39,1057.69 1 1
github.com/sergi/go-diff/diffmatchpatch/diff.go:1057.69,1064.5 4 1
github.com/sergi/go-diff/diffmatchpatch/diff.go:1064.10,1064.76 1 1
github.com/sergi/go-diff/diffmatchpatch/diff.go:1064.76,1071.5 4 1
github.com/sergi/go-diff/diffmatchpatch/diff.go:1073.3,1073.12 1 1
github.com/sergi/go-diff/diffmatchpatch/diff.go:1077.2,1077.13 1 1
github.com/sergi/go-diff/diffmatchpatch/diff.go:1077.13,1079.3 1 1
github.com/sergi/go-diff/diffmatchpatch/diff.go:1081.2,1081.14 1 1
github.com/sergi/go-diff/diffmatchpatch/diff.go:1085.66,1091.34 6 1
github.com/sergi/go-diff/diffmatchpatch/diff.go:1091.34,1093.31 2 1
github.com/sergi/go-diff/diffmatchpatch/diff.go:1093.31,1096.4 1 1
github.com/sergi/go-diff/diffmatchpatch/diff.go:1097.3,1097.31 1 1
github.com/sergi/go-diff/diffmatchpatch/diff.go:1097.31,1100.4 1 1
github.com/sergi/go-diff/diffmatchpatch/diff.go:1101.3,1101.19 1 1
github.com/sergi/go-diff/diffmatchpatch/diff.go:1101.19,1104.9 2 1
github.com/sergi/go-diff/diffmatchpatch/diff.go:1106.3,1107.22 2 1
github.com/sergi/go-diff/diffmatchpatch/diff.go:1109.2,1109.33 1 1
github.com/sergi/go-diff/diffmatchpatch/diff.go:1109.33,1112.3 1 1
github.com/sergi/go-diff/diffmatchpatch/diff.go:1114.2,1114.40 1 1
github.com/sergi/go-diff/diffmatchpatch/diff.go:1119.64,1121.29 2 1
github.com/sergi/go-diff/diffmatchpatch/diff.go:1121.29,1123.20 2 1
github.com/sergi/go-diff/diffmatchpatch/diff.go:1124.19,1127.37 3 1
github.com/sergi/go-diff/diffmatchpatch/diff.go:1128.19,1131.37 3 1
github.com/sergi/go-diff/diffmatchpatch/diff.go:1132.18,1135.38 3 1
github.com/sergi/go-diff/diffmatchpatch/diff.go:1138.2,1138.22 1 1
github.com/sergi/go-diff/diffmatchpatch/diff.go:1142.64,1144.29 2 1
github.com/sergi/go-diff/diffmatchpatch/diff.go:1144.29,1147.20 2 1
github.com/sergi/go-diff/diffmatchpatch/diff.go:1148.19,1150.31 2 1
github.com/sergi/go-diff/diffmatchpatch/diff.go:1150.31,1153.25 3 1
github.com/sergi/go-diff/diffmatchpatch/diff.go:1153.25,1155.6 1 1
github.com/sergi/go-diff/diffmatchpatch/diff.go:1155.11,1157.6 1 1
github.com/sergi/go-diff/diffmatchpatch/diff.go:1160.19,1162.31 2 1
github.com/sergi/go-diff/diffmatchpatch/diff.go:1162.31,1165.25 3 1
github.com/sergi/go-diff/diffmatchpatch/diff.go:1165.25,1167.6 1 1
github.com/sergi/go-diff/diffmatchpatch/diff.go:1167.11,1169.6 1 1
github.com/sergi/go-diff/diffmatchpatch/diff.go:1171.18,1172.33 1 1
github.com/sergi/go-diff/diffmatchpatch/diff.go:1176.2,1176.22 1 1
github.com/sergi/go-diff/diffmatchpatch/diff.go:1180.59,1184.30 2 1
github.com/sergi/go-diff/diffmatchpatch/diff.go:1184.30,1185.31 1 1
github.com/sergi/go-diff/diffmatchpatch/diff.go:1185.31,1187.4 1 1
github.com/sergi/go-diff/diffmatchpatch/diff.go:1189.2,1189.22 1 1
github.com/sergi/go-diff/diffmatchpatch/diff.go:1193.59,1196.30 2 1
github.com/sergi/go-diff/diffmatchpatch/diff.go:1196.30,1197.31 1 1
github.com/sergi/go-diff/diffmatchpatch/diff.go:1197.31,1199.4 1 1
github.com/sergi/go-diff/diffmatchpatch/diff.go:1201.2,1201.22 1 1
github.com/sergi/go-diff/diffmatchpatch/diff.go:1205.62,1210.30 4 1
github.com/sergi/go-diff/diffmatchpatch/diff.go:1210.30,1211.21 1 1
github.com/sergi/go-diff/diffmatchpatch/diff.go:1212.19,1213.52 1 1
github.com/sergi/go-diff/diffmatchpatch/diff.go:1214.19,1215.51 1 1
github.com/sergi/go-diff/diffmatchpatch/diff.go:1216.18,1220.17 3 1
github.com/sergi/go-diff/diffmatchpatch/diff.go:1224.2,1225.20 2 1
github.com/sergi/go-diff/diffmatchpatch/diff.go:1230.61,1232.30 2 1
github.com/sergi/go-diff/diffmatchpatch/diff.go:1232.30,1233.21 1 1
github.com/sergi/go-diff/diffmatchpatch/diff.go:1234.19,1238.9 4 1
github.com/sergi/go-diff/diffmatchpatch/diff.go:1239.19,1243.9 4 1
github.com/sergi/go-diff/diffmatchpatch/diff.go:1244.18,1248.9 4 1
github.com/sergi/go-diff/diffmatchpatch/diff.go:1251.2,1252.21 2 1
github.com/sergi/go-diff/diffmatchpatch/diff.go:1252.21,1256.3 2 1
github.com/sergi/go-diff/diffmatchpatch/diff.go:1257.2,1257.14 1 1
github.com/sergi/go-diff/diffmatchpatch/diff.go:1261.96,1265.51 3 1
github.com/sergi/go-diff/diffmatchpatch/diff.go:1265.51,1266.22 1 1
github.com/sergi/go-diff/diffmatchpatch/diff.go:1266.22,1268.12 1 1
github.com/sergi/go-diff/diffmatchpatch/diff.go:1272.3,1274.29 2 1
github.com/sergi/go-diff/diffmatchpatch/diff.go:1275.12,1279.18 3 1
github.com/sergi/go-diff/diffmatchpatch/diff.go:1279.18,1281.5 1 1
github.com/sergi/go-diff/diffmatchpatch/diff.go:1282.4,1282.32 1 1
github.com/sergi/go-diff/diffmatchpatch/diff.go:1282.32,1284.5 1 1
github.com/sergi/go-diff/diffmatchpatch/diff.go:1286.4,1286.50 1 1
github.com/sergi/go-diff/diffmatchpatch/diff.go:1287.17,1289.18 2 1
github.com/sergi/go-diff/diffmatchpatch/diff.go:1289.18,1291.5 1 1
github.com/sergi/go-diff/diffmatchpatch/diff.go:1291.10,1291.20 1 1
github.com/sergi/go-diff/diffmatchpatch/diff.go:1291.20,1293.5 1 1
github.com/sergi/go-diff/diffmatchpatch/diff.go:1295.4,1297.22 2 1
github.com/sergi/go-diff/diffmatchpatch/diff.go:1297.22,1298.10 1 1
github.com/sergi/go-diff/diffmatchpatch/diff.go:1301.4,1303.17 2 1
github.com/sergi/go-diff/diffmatchpatch/diff.go:1303.17,1305.5 1 1
github.com/sergi/go-diff/diffmatchpatch/diff.go:1305.10,1307.5 1 1
github.com/sergi/go-diff/diffmatchpatch/diff.go:1308.11,1310.90 1 1
github.com/sergi/go-diff/diffmatchpatch/diff.go:1314.2,1314.21 1 1
github.com/sergi/go-diff/diffmatchpatch/diff.go:1314.21,1316.3 1 1
github.com/sergi/go-diff/diffmatchpatch/diff.go:1318.2,1318.19 1 1
github.com/sergi/go-diff/diffmatchpatch/diff.go:1322.95,1331.2 5 1
github.com/sergi/go-diff/diffmatchpatch/diff.go:1334.119,1339.28 4 1
github.com/sergi/go-diff/diffmatchpatch/diff.go:1339.28,1342.20 2 1
github.com/sergi/go-diff/diffmatchpatch/diff.go:1342.20,1344.4 1 1
github.com/sergi/go-diff/diffmatchpatch/diff.go:1346.3,1350.9 4 1
github.com/sergi/go-diff/diffmatchpatch/diff.go:1350.9,1352.4 1 1
github.com/sergi/go-diff/diffmatchpatch/diff.go:1352.9,1356.4 3 1
github.com/sergi/go-diff/diffmatchpatch/diff.go:1359.2,1359.13 1 1
github.com/sergi/go-diff/diffmatchpatch/diffmatchpatch.go:35.28,46.2 1 1
github.com/sergi/go-diff/diffmatchpatch/index.go:9.41,12.26 3 1
github.com/sergi/go-diff/diffmatchpatch/index.go:12.26,13.22 1 1
github.com/sergi/go-diff/diffmatchpatch/index.go:13.22,15.4 1 1
github.com/sergi/go-diff/diffmatchpatch/index.go:15.9,17.4 1 1
github.com/sergi/go-diff/diffmatchpatch/index.go:19.2,19.16 1 1
github.com/sergi/go-diff/diffmatchpatch/index.go:22.46,24.32 2 1
github.com/sergi/go-diff/diffmatchpatch/index.go:24.32,25.28 1 1
github.com/sergi/go-diff/diffmatchpatch/index.go:25.28,27.4 1 1
github.com/sergi/go-diff/diffmatchpatch/index.go:27.9,29.4 1 1
github.com/sergi/go-diff/diffmatchpatch/index.go:31.2,31.22 1 1
github.com/sergi/go-diff/diffmatchpatch/match.go:17.73,21.21 2 1
github.com/sergi/go-diff/diffmatchpatch/match.go:21.21,24.3 1 1
github.com/sergi/go-diff/diffmatchpatch/match.go:24.8,24.27 1 1
github.com/sergi/go-diff/diffmatchpatch/match.go:24.27,27.3 1 1
github.com/sergi/go-diff/diffmatchpatch/match.go:27.8,27.83 1 1
github.com/sergi/go-diff/diffmatchpatch/match.go:27.83,30.3 1 1
github.com/sergi/go-diff/diffmatchpatch/match.go:32.2,32.43 1 1
github.com/sergi/go-diff/diffmatchpatch/match.go:37.74,45.19 4 1
github.com/sergi/go-diff/diffmatchpatch/match.go:45.19,50.20 3 1
github.com/sergi/go-diff/diffmatchpatch/match.go:50.20,53.4 1 1
github.com/sergi/go-diff/diffmatchpatch/match.go:57.2,63.36 6 1
github.com/sergi/go-diff/diffmatchpatch/match.go:63.36,67.23 3 1
github.com/sergi/go-diff/diffmatchpatch/match.go:67.23,68.74 1 1
github.com/sergi/go-diff/diffmatchpatch/match.go:68.74,70.5 1 1
github.com/sergi/go-diff/diffmatchpatch/match.go:70.10,72.5 1 1
github.com/sergi/go-diff/diffmatchpatch/match.go:73.4,73.39 1 1
github.com/sergi/go-diff/diffmatchpatch/match.go:76.3,83.36 6 1
github.com/sergi/go-diff/diffmatchpatch/match.go:83.36,85.24 2 1
github.com/sergi/go-diff/diffmatchpatch/match.go:85.24,88.5 1 1
github.com/sergi/go-diff/diffmatchpatch/match.go:88.10,88.41 1 1
github.com/sergi/go-diff/diffmatchpatch/match.go:88.41,90.5 1 1
github.com/sergi/go-diff/diffmatchpatch/match.go:90.10,92.5 1 1
github.com/sergi/go-diff/diffmatchpatch/match.go:94.4,94.14 1 1
github.com/sergi/go-diff/diffmatchpatch/match.go:94.14,97.5 1 1
github.com/sergi/go-diff/diffmatchpatch/match.go:97.10,100.5 1 1
github.com/sergi/go-diff/diffmatchpatch/match.go:101.4,101.32 1 1
github.com/sergi/go-diff/diffmatchpatch/match.go:101.32,104.32 2 1
github.com/sergi/go-diff/diffmatchpatch/match.go:104.32,108.23 3 1
github.com/sergi/go-diff/diffmatchpatch/match.go:108.23,111.7 1 1
github.com/sergi/go-diff/diffmatchpatch/match.go:111.12,113.12 1 1
github.com/sergi/go-diff/diffmatchpatch/match.go:118.3,118.67 1 1
github.com/sergi/go-diff/diffmatchpatch/match.go:118.67,120.9 1 1
github.com/sergi/go-diff/diffmatchpatch/match.go:122.3,122.14 1 1
github.com/sergi/go-diff/diffmatchpatch/match.go:124.2,124.16 1 1
github.com/sergi/go-diff/diffmatchpatch/match.go:128.83,131.28 3 1
github.com/sergi/go-diff/diffmatchpatch/match.go:131.28,133.21 1 1
github.com/sergi/go-diff/diffmatchpatch/match.go:133.21,135.4 1 1
github.com/sergi/go-diff/diffmatchpatch/match.go:137.3,137.13 1 1
github.com/sergi/go-diff/diffmatchpatch/match.go:139.2,139.60 1 1
github.com/sergi/go-diff/diffmatchpatch/match.go:143.71,146.32 3 1
github.com/sergi/go-diff/diffmatchpatch/match.go:146.32,148.10 2 1
github.com/sergi/go-diff/diffmatchpatch/match.go:148.10,150.4 1 1
github.com/sergi/go-diff/diffmatchpatch/match.go:152.2,154.32 2 1
github.com/sergi/go-diff/diffmatchpatch/match.go:154.32,158.3 3 1
github.com/sergi/go-diff/diffmatchpatch/match.go:159.2,159.10 1 1
github.com/sergi/go-diff/diffmatchpatch/mathutil.go:11.24,12.11 1 1
github.com/sergi/go-diff/diffmatchpatch/mathutil.go:12.11,14.3 1 1
github.com/sergi/go-diff/diffmatchpatch/mathutil.go:15.2,15.10 1 1
github.com/sergi/go-diff/diffmatchpatch/mathutil.go:18.24,19.11 1 1
github.com/sergi/go-diff/diffmatchpatch/mathutil.go:19.11,21.3 1 1
github.com/sergi/go-diff/diffmatchpatch/mathutil.go:22.2,22.10 1 1
github.com/sergi/go-diff/diffmatchpatch/operation_string.go:11.36,13.54 2 0
github.com/sergi/go-diff/diffmatchpatch/operation_string.go:13.54,15.3 1 0
github.com/sergi/go-diff/diffmatchpatch/operation_string.go:16.2,16.67 1 0
github.com/sergi/go-diff/diffmatchpatch/patch.go:33.33,36.20 2 1
github.com/sergi/go-diff/diffmatchpatch/patch.go:36.20,38.3 1 1
github.com/sergi/go-diff/diffmatchpatch/patch.go:38.8,38.27 1 1
github.com/sergi/go-diff/diffmatchpatch/patch.go:38.27,40.3 1 1
github.com/sergi/go-diff/diffmatchpatch/patch.go:40.8,42.3 1 1
github.com/sergi/go-diff/diffmatchpatch/patch.go:44.2,44.20 1 1
github.com/sergi/go-diff/diffmatchpatch/patch.go:44.20,46.3 1 1
github.com/sergi/go-diff/diffmatchpatch/patch.go:46.8,46.27 1 1
github.com/sergi/go-diff/diffmatchpatch/patch.go:46.27,48.3 1 1
github.com/sergi/go-diff/diffmatchpatch/patch.go:48.8,50.3 1 1
github.com/sergi/go-diff/diffmatchpatch/patch.go:52.2,56.32 3 1
github.com/sergi/go-diff/diffmatchpatch/patch.go:56.32,57.21 1 1
github.com/sergi/go-diff/diffmatchpatch/patch.go:58.19,59.32 1 1
github.com/sergi/go-diff/diffmatchpatch/patch.go:60.19,61.32 1 1
github.com/sergi/go-diff/diffmatchpatch/patch.go:62.18,63.32 1 1
github.com/sergi/go-diff/diffmatchpatch/patch.go:66.3,67.32 2 1
github.com/sergi/go-diff/diffmatchpatch/patch.go:70.2,70.41 1 1
github.com/sergi/go-diff/diffmatchpatch/patch.go:74.76,75.20 1 1
github.com/sergi/go-diff/diffmatchpatch/patch.go:75.20,77.3 1 1
github.com/sergi/go-diff/diffmatchpatch/patch.go:79.2,84.53 3 1
github.com/sergi/go-diff/diffmatchpatch/patch.go:84.53,89.3 4 1
github.com/sergi/go-diff/diffmatchpatch/patch.go:91.2,95.22 3 1
github.com/sergi/go-diff/diffmatchpatch/patch.go:95.22,97.3 1 1
github.com/sergi/go-diff/diffmatchpatch/patch.go:99.2,100.22 2 1
github.com/sergi/go-diff/diffmatchpatch/patch.go:100.22,102.3 1 1
github.com/sergi/go-diff/diffmatchpatch/patch.go:105.2,111.14 5 1
github.com/sergi/go-diff/diffmatchpatch/patch.go:115.66,116.19 1 1
github.com/sergi/go-diff/diffmatchpatch/patch.go:116.19,120.3 3 1
github.com/sergi/go-diff/diffmatchpatch/patch.go:120.8,120.26 1 1
github.com/sergi/go-diff/diffmatchpatch/patch.go:120.26,122.29 2 1
github.com/sergi/go-diff/diffmatchpatch/patch.go:123.15,125.22 2 1
github.com/sergi/go-diff/diffmatchpatch/patch.go:125.22,128.5 2 1
github.com/sergi/go-diff/diffmatchpatch/patch.go:129.4,129.38 1 1
github.com/sergi/go-diff/diffmatchpatch/patch.go:130.15,131.35 1 1
github.com/sergi/go-diff/diffmatchpatch/patch.go:133.8,133.26 1 1
github.com/sergi/go-diff/diffmatchpatch/patch.go:133.26,135.3 1 1
github.com/sergi/go-diff/diffmatchpatch/patch.go:136.2,136.18 1 1
github.com/sergi/go-diff/diffmatchpatch/patch.go:141.75,144.21 2 1
github.com/sergi/go-diff/diffmatchpatch/patch.go:144.21,146.3 1 1
github.com/sergi/go-diff/diffmatchpatch/patch.go:148.2,155.30 6 1
github.com/sergi/go-diff/diffmatchpatch/patch.go:155.30,156.55 1 1
github.com/sergi/go-diff/diffmatchpatch/patch.go:156.55,160.4 2 1
github.com/sergi/go-diff/diffmatchpatch/patch.go:162.3,162.21 1 1
github.com/sergi/go-diff/diffmatchpatch/patch.go:163.19,167.44 3 1
github.com/sergi/go-diff/diffmatchpatch/patch.go:168.19,171.91 3 1
github.com/sergi/go-diff/diffmatchpatch/patch.go:172.18,174.48 1 1
github.com/sergi/go-diff/diffmatchpatch/patch.go:174.48,179.5 3 1
github.com/sergi/go-diff/diffmatchpatch/patch.go:180.4,180.44 1 1
github.com/sergi/go-diff/diffmatchpatch/patch.go:180.44,182.30 1 1
github.com/sergi/go-diff/diffmatchpatch/patch.go:182.30,189.6 5 1
github.com/sergi/go-diff/diffmatchpatch/patch.go:194.3,194.31 1 1
github.com/sergi/go-diff/diffmatchpatch/patch.go:194.31,196.4 1 1
github.com/sergi/go-diff/diffmatchpatch/patch.go:197.3,197.31 1 1
github.com/sergi/go-diff/diffmatchpatch/patch.go:197.31,199.4 1 1
github.com/sergi/go-diff/diffmatchpatch/patch.go:203.2,203.27 1 1
github.com/sergi/go-diff/diffmatchpatch/patch.go:203.27,206.3 2 1
github.com/sergi/go-diff/diffmatchpatch/patch.go:208.2,208.16 1 1
github.com/sergi/go-diff/diffmatchpatch/patch.go:212.67,214.33 2 1
github.com/sergi/go-diff/diffmatchpatch/patch.go:214.33,216.38 2 1
github.com/sergi/go-diff/diffmatchpatch/patch.go:216.38,221.4 1 1
github.com/sergi/go-diff/diffmatchpatch/patch.go:222.3,226.47 5 1
github.com/sergi/go-diff/diffmatchpatch/patch.go:228.2,228.20 1 1
github.com/sergi/go-diff/diffmatchpatch/patch.go:232.86,233.23 1 1
github.com/sergi/go-diff/diffmatchpatch/patch.go:233.23,235.3 1 1
github.com/sergi/go-diff/diffmatchpatch/patch.go:238.2,248.33 8 1
github.com/sergi/go-diff/diffmatchpatch/patch.go:248.33,253.36 5 1
github.com/sergi/go-diff/diffmatchpatch/patch.go:253.36,256.22 2 1
github.com/sergi/go-diff/diffmatchpatch/patch.go:256.22,259.43 2 1
github.com/sergi/go-diff/diffmatchpatch/patch.go:259.43,262.6 1 0
github.com/sergi/go-diff/diffmatchpatch/patch.go:264.9,266.4 1 1
github.com/sergi/go-diff/diffmatchpatch/patch.go:267.3,267.21 1 1
github.com/sergi/go-diff/diffmatchpatch/patch.go:267.21,272.4 2 1
github.com/sergi/go-diff/diffmatchpatch/patch.go:272.9,277.20 4 1
github.com/sergi/go-diff/diffmatchpatch/patch.go:277.20,279.5 1 1
github.com/sergi/go-diff/diffmatchpatch/patch.go:279.10,281.5 1 1
github.com/sergi/go-diff/diffmatchpatch/patch.go:282.4,282.22 1 1
github.com/sergi/go-diff/diffmatchpatch/patch.go:282.22,285.5 1 1
github.com/sergi/go-diff/diffmatchpatch/patch.go:285.10,288.124 2 1
github.com/sergi/go-diff/diffmatchpatch/patch.go:288.124,291.6 1 1
github.com/sergi/go-diff/diffmatchpatch/patch.go:291.11,294.41 3 1
github.com/sergi/go-diff/diffmatchpatch/patch.go:294.41,295.34 1 1
github.com/sergi/go-diff/diffmatchpatch/patch.go:295.34,297.36 2 1
github.com/sergi/go-diff/diffmatchpatch/patch.go:297.36,300.9 1 1
github.com/sergi/go-diff/diffmatchpatch/patch.go:300.14,300.43 1 1
github.com/sergi/go-diff/diffmatchpatch/patch.go:300.43,305.9 2 1
github.com/sergi/go-diff/diffmatchpatch/patch.go:307.7,307.35 1 1
github.com/sergi/go-diff/diffmatchpatch/patch.go:307.35,309.8 1 1
github.com/sergi/go-diff/diffmatchpatch/patch.go:314.3,314.6 1 1
github.com/sergi/go-diff/diffmatchpatch/patch.go:317.2,318.22 2 1
github.com/sergi/go-diff/diffmatchpatch/patch.go:323.68,326.38 3 1
github.com/sergi/go-diff/diffmatchpatch/patch.go:326.38,328.3 1 1
github.com/sergi/go-diff/diffmatchpatch/patch.go:331.2,331.25 1 1
github.com/sergi/go-diff/diffmatchpatch/patch.go:331.25,334.3 2 1
github.com/sergi/go-diff/diffmatchpatch/patch.go:337.2,337.73 1 1
github.com/sergi/go-diff/diffmatchpatch/patch.go:337.73,344.3 5 1
github.com/sergi/go-diff/diffmatchpatch/patch.go:344.8,344.58 1 1
github.com/sergi/go-diff/diffmatchpatch/patch.go:344.58,352.3 6 1
github.com/sergi/go-diff/diffmatchpatch/patch.go:355.2,356.104 2 1
github.com/sergi/go-diff/diffmatchpatch/patch.go:356.104,361.3 3 1
github.com/sergi/go-diff/diffmatchpatch/patch.go:361.8,361.86 1 1
github.com/sergi/go-diff/diffmatchpatch/patch.go:361.86,368.3 5 1
github.com/sergi/go-diff/diffmatchpatch/patch.go:370.2,370.20 1 1
github.com/sergi/go-diff/diffmatchpatch/patch.go:375.67,377.36 2 1
github.com/sergi/go-diff/diffmatchpatch/patch.go:377.36,378.38 1 1
github.com/sergi/go-diff/diffmatchpatch/patch.go:378.38,379.12 1 1
github.com/sergi/go-diff/diffmatchpatch/patch.go:381.3,389.32 7 1
github.com/sergi/go-diff/diffmatchpatch/patch.go:389.32,395.28 5 1
github.com/sergi/go-diff/diffmatchpatch/patch.go:395.28,399.5 3 1
github.com/sergi/go-diff/diffmatchpatch/patch.go:400.4,400.78 1 1
github.com/sergi/go-diff/diffmatchpatch/patch.go:400.78,403.31 3 1
github.com/sergi/go-diff/diffmatchpatch/patch.go:403.31,410.6 5 1
github.com/sergi/go-diff/diffmatchpatch/patch.go:410.11,410.130 1 1
github.com/sergi/go-diff/diffmatchpatch/patch.go:410.130,417.6 5 1
github.com/sergi/go-diff/diffmatchpatch/patch.go:417.11,423.31 4 1
github.com/sergi/go-diff/diffmatchpatch/patch.go:423.31,426.7 2 1
github.com/sergi/go-diff/diffmatchpatch/patch.go:426.12,428.7 1 1
github.com/sergi/go-diff/diffmatchpatch/patch.go:429.6,430.44 2 1
github.com/sergi/go-diff/diffmatchpatch/patch.go:430.44,432.7 1 1
github.com/sergi/go-diff/diffmatchpatch/patch.go:432.12,435.7 1 1
github.com/sergi/go-diff/diffmatchpatch/patch.go:439.4,444.60 4 1
github.com/sergi/go-diff/diffmatchpatch/patch.go:444.60,446.5 1 1
github.com/sergi/go-diff/diffmatchpatch/patch.go:446.10,448.5 1 1
github.com/sergi/go-diff/diffmatchpatch/patch.go:450.4,450.29 1 1
github.com/sergi/go-diff/diffmatchpatch/patch.go:450.29,453.83 3 1
github.com/sergi/go-diff/diffmatchpatch/patch.go:453.83,455.6 1 1
github.com/sergi/go-diff/diffmatchpatch/patch.go:455.11,457.6 1 1
github.com/sergi/go-diff/diffmatchpatch/patch.go:459.4,459.14 1 1
github.com/sergi/go-diff/diffmatchpatch/patch.go:459.14,462.5 2 1
github.com/sergi/go-diff/diffmatchpatch/patch.go:465.2,465.16 1 1
github.com/sergi/go-diff/diffmatchpatch/patch.go:469.64,471.33 2 1
github.com/sergi/go-diff/diffmatchpatch/patch.go:471.33,473.3 1 1
github.com/sergi/go-diff/diffmatchpatch/patch.go:474.2,474.22 1 1
github.com/sergi/go-diff/diffmatchpatch/patch.go:478.76,480.24 2 1
github.com/sergi/go-diff/diffmatchpatch/patch.go:480.24,482.3 1 1
github.com/sergi/go-diff/diffmatchpatch/patch.go:483.2,490.30 7 1
github.com/sergi/go-diff/diffmatchpatch/patch.go:490.30,492.50 1 1
github.com/sergi/go-diff/diffmatchpatch/patch.go:492.50,494.4 1 1
github.com/sergi/go-diff/diffmatchpatch/patch.go:496.3,500.21 4 1
github.com/sergi/go-diff/diffmatchpatch/patch.go:500.21,503.4 2 1
github.com/sergi/go-diff/diffmatchpatch/patch.go:503.9,503.25 1 1
github.com/sergi/go-diff/diffmatchpatch/patch.go:503.25,505.4 1 1
github.com/sergi/go-diff/diffmatchpatch/patch.go:505.9,508.4 2 1
github.com/sergi/go-diff/diffmatchpatch/patch.go:510.3,512.21 2 1
github.com/sergi/go-diff/diffmatchpatch/patch.go:512.21,515.4 2 1
github.com/sergi/go-diff/diffmatchpatch/patch.go:515.9,515.25 1 1
github.com/sergi/go-diff/diffmatchpatch/patch.go:515.25,517.4 1 1
github.com/sergi/go-diff/diffmatchpatch/patch.go:517.9,520.4 2 1
github.com/sergi/go-diff/diffmatchpatch/patch.go:521.3,523.31 2 1
github.com/sergi/go-diff/diffmatchpatch/patch.go:523.31,524.34 1 1
github.com/sergi/go-diff/diffmatchpatch/patch.go:524.34,526.5 1 1
github.com/sergi/go-diff/diffmatchpatch/patch.go:526.10,528.13 2 1
github.com/sergi/go-diff/diffmatchpatch/patch.go:531.4,534.19 4 1
github.com/sergi/go-diff/diffmatchpatch/patch.go:534.19,537.5 1 1
github.com/sergi/go-diff/diffmatchpatch/patch.go:537.10,537.26 1 1
github.com/sergi/go-diff/diffmatchpatch/patch.go:537.26,540.5 1 1
github.com/sergi/go-diff/diffmatchpatch/patch.go:540.10,540.26 1 1
github.com/sergi/go-diff/diffmatchpatch/patch.go:540.26,543.5 1 1
github.com/sergi/go-diff/diffmatchpatch/patch.go:543.10,543.26 1 1
github.com/sergi/go-diff/diffmatchpatch/patch.go:543.26,545.10 1 1
github.com/sergi/go-diff/diffmatchpatch/patch.go:546.10,549.5 1 0
github.com/sergi/go-diff/diffmatchpatch/patch.go:550.4,550.17 1 1
github.com/sergi/go-diff/diffmatchpatch/patch.go:553.3,553.35 1 1
github.com/sergi/go-diff/diffmatchpatch/patch.go:555.2,555.21 1 1
github.com/sergi/go-diff/diffmatchpatch/stringutil.go:32.53,33.20 1 1
github.com/sergi/go-diff/diffmatchpatch/stringutil.go:33.20,35.3 1 1
github.com/sergi/go-diff/diffmatchpatch/stringutil.go:36.2,36.12 1 1
github.com/sergi/go-diff/diffmatchpatch/stringutil.go:36.12,38.3 1 1
github.com/sergi/go-diff/diffmatchpatch/stringutil.go:39.2,40.15 2 1
github.com/sergi/go-diff/diffmatchpatch/stringutil.go:40.15,42.3 1 1
github.com/sergi/go-diff/diffmatchpatch/stringutil.go:43.2,43.16 1 1
github.com/sergi/go-diff/diffmatchpatch/stringutil.go:47.57,48.11 1 1
github.com/sergi/go-diff/diffmatchpatch/stringutil.go:48.11,50.3 1 1
github.com/sergi/go-diff/diffmatchpatch/stringutil.go:51.2,51.19 1 1
github.com/sergi/go-diff/diffmatchpatch/stringutil.go:51.19,53.3 1 1
github.com/sergi/go-diff/diffmatchpatch/stringutil.go:54.2,55.49 2 1
github.com/sergi/go-diff/diffmatchpatch/stringutil.go:59.54,60.23 1 1
github.com/sergi/go-diff/diffmatchpatch/stringutil.go:60.23,62.3 1 1
github.com/sergi/go-diff/diffmatchpatch/stringutil.go:63.2,63.12 1 1
github.com/sergi/go-diff/diffmatchpatch/stringutil.go:63.12,65.3 1 1
github.com/sergi/go-diff/diffmatchpatch/stringutil.go:66.2,67.15 2 1
github.com/sergi/go-diff/diffmatchpatch/stringutil.go:67.15,69.3 1 1
github.com/sergi/go-diff/diffmatchpatch/stringutil.go:70.2,70.16 1 1
github.com/sergi/go-diff/diffmatchpatch/stringutil.go:73.37,74.24 1 1
github.com/sergi/go-diff/diffmatchpatch/stringutil.go:74.24,76.3 1 1
github.com/sergi/go-diff/diffmatchpatch/stringutil.go:77.2,77.23 1 1
github.com/sergi/go-diff/diffmatchpatch/stringutil.go:77.23,78.17 1 1
github.com/sergi/go-diff/diffmatchpatch/stringutil.go:78.17,80.4 1 1
github.com/sergi/go-diff/diffmatchpatch/stringutil.go:82.2,82.13 1 1
github.com/sergi/go-diff/diffmatchpatch/stringutil.go:86.36,88.29 2 1
github.com/sergi/go-diff/diffmatchpatch/stringutil.go:88.29,89.38 1 1
github.com/sergi/go-diff/diffmatchpatch/stringutil.go:89.38,91.4 1 1
github.com/sergi/go-diff/diffmatchpatch/stringutil.go:93.2,93.11 1 1
github.com/sergi/go-diff/diffmatchpatch/stringutil.go:96.42,97.18 1 1
github.com/sergi/go-diff/diffmatchpatch/stringutil.go:97.18,99.3 1 1
github.com/sergi/go-diff/diffmatchpatch/stringutil.go:101.2,102.23 2 1
github.com/sergi/go-diff/diffmatchpatch/stringutil.go:102.23,104.3 1 1
github.com/sergi/go-diff/diffmatchpatch/stringutil.go:105.2,105.18 1 1
github.com/sergi/go-diff/diffmatchpatch/stringutil.go:116.50,118.2 1 1
github.com/sergi/go-diff/diffmatchpatch/stringutil.go:122.31,123.30 1 1
github.com/sergi/go-diff/diffmatchpatch/stringutil.go:123.30,125.3 1 1
github.com/sergi/go-diff/diffmatchpatch/stringutil.go:127.2,127.30 1 1
github.com/sergi/go-diff/diffmatchpatch/stringutil.go:127.30,129.39 2 1
github.com/sergi/go-diff/diffmatchpatch/stringutil.go:129.39,130.99 1 0
github.com/sergi/go-diff/diffmatchpatch/stringutil.go:132.3,132.11 1 1
github.com/sergi/go-diff/diffmatchpatch/stringutil.go:137.2,137.68 1 1
github.com/sergi/go-diff/diffmatchpatch/stringutil.go:137.68,138.39 1 1
github.com/sergi/go-diff/diffmatchpatch/stringutil.go:138.39,140.4 1 1
github.com/sergi/go-diff/diffmatchpatch/stringutil.go:142.3,143.39 2 1
github.com/sergi/go-diff/diffmatchpatch/stringutil.go:143.39,144.99 1 0
github.com/sergi/go-diff/diffmatchpatch/stringutil.go:146.3,146.11 1 1
github.com/sergi/go-diff/diffmatchpatch/stringutil.go:149.2,149.63 1 1
github.com/sergi/go-diff/diffmatchpatch/stringutil.go:149.63,152.39 3 1
github.com/sergi/go-diff/diffmatchpatch/stringutil.go:152.39,153.99 1 1
github.com/sergi/go-diff/diffmatchpatch/stringutil.go:155.3,155.11 1 1
github.com/sergi/go-diff/diffmatchpatch/stringutil.go:157.2,157.70 1 0
github.com/sergi/go-diff/diffmatchpatch/stringutil.go:161.31,163.30 2 1
github.com/sergi/go-diff/diffmatchpatch/stringutil.go:163.30,165.3 1 1
github.com/sergi/go-diff/diffmatchpatch/stringutil.go:167.2,171.15 3 1
github.com/sergi/go-diff/diffmatchpatch/stringutil.go:171.15,173.3 1 1
github.com/sergi/go-diff/diffmatchpatch/stringutil.go:175.2,175.15 1 1
github.com/sergi/go-diff/diffmatchpatch/stringutil.go:175.15,177.42 2 1
github.com/sergi/go-diff/diffmatchpatch/stringutil.go:177.42,179.4 1 1
github.com/sergi/go-diff/diffmatchpatch/stringutil.go:181.3,181.16 1 1
github.com/sergi/go-diff/diffmatchpatch/stringutil.go:184.2,184.15 1 1
github.com/sergi/go-diff/diffmatchpatch/stringutil.go:184.15,187.3 2 1
github.com/sergi/go-diff/diffmatchpatch/stringutil.go:189.2,189.74 1 0
